
═══════════════════════════════════════════════════════════════════════════════
[2026-05-03 14:36:47] build.sh plan
═══════════════════════════════════════════════════════════════════════════════
[14:36:47] [DEBUG] Script directory: /run/media/diego/pool/@home-diego/git/unix/aa_bootloader
[14:36:47] [DEBUG] Unix root: /run/media/diego/pool/@home-diego/git/unix
[14:36:47] [DEBUG] NixOS flake: /run/media/diego/pool/@home-diego/git/unix/aa_nixos-surface_host/src
[14:36:47] [DEBUG] Boot partition: /boot
[14:36:47] [DEBUG] Verbose mode: 1
[14:36:47] [INFO] GRUB Configuration Plan
[14:36:47] [INFO] ╔═══════════════════════════════════════════════════════════════════════════╗
[14:36:47] [INFO] ║                    GRUB CONFIGURATION ARCHITECTURE                        ║
[14:36:47] [INFO] ╠═══════════════════════════════════════════════════════════════════════════╣
[14:36:47] [INFO] ║  hardware_grub.nix ─────────imports────────> grub-extra-entries.nix       ║
[14:36:47] [INFO] ║       │                                              │                    ║
[14:36:47] [INFO] ║       ├── boot.loader.grub settings                  ├── Arch OS         ║
[14:36:47] [INFO] ║       ├── EFI configuration                          ├── Kali Linux      ║
[14:36:47] [INFO] ║       └── extraEntries = import ../grub-extra-...    ├── Windows         ║
[14:36:47] [INFO] ║                                                      ├── USB Boot        ║
[14:36:47] [INFO] ║  hardware_boot.nix                                   └── UEFI Settings   ║
[14:36:47] [INFO] ║       │                                                                   ║
[14:36:47] [INFO] ║       ├── LUKS unlock configuration                                       ║
[14:36:47] [INFO] ║       ├── USB keyfile support                                             ║
[14:36:47] [INFO] ║       └── Surface keyboard modules                                        ║
[14:36:47] [INFO] ╚═══════════════════════════════════════════════════════════════════════════╝
[14:36:47] [INFO] Source files:
[14:36:47] [INFO] Multi-OS entries in grub-extra-entries.nix:
[14:36:47] [INFO] Current grub.cfg entries:

═══════════════════════════════════════════════════════════════════════════════
[2026-05-03 14:52:06] build.sh generate
═══════════════════════════════════════════════════════════════════════════════
[14:52:06] [DEBUG] Script directory: /run/media/diego/pool/@home-diego/git/unix/aa_bootloader
[14:52:06] [DEBUG] Unix root: /run/media/diego/pool/@home-diego/git/unix
[14:52:06] [DEBUG] NixOS flake: /run/media/diego/pool/@home-diego/git/unix/aa_nixos-surface_host/src
[14:52:06] [DEBUG] Boot partition: /boot
[14:52:06] [DEBUG] Verbose mode: 1
[14:52:06] [INFO] Generating bootloader files from bootloader.json...
[14:52:06] [DEBUG] Generating grub.cfg...
[14:52:06] [INFO] Written: dist/grub.cfg
[14:52:06] [DEBUG] Generating grub-extra-entries.nix...
[14:52:06] [INFO] Written: dist/grub-extra-entries.nix
[14:52:06] [DEBUG] Generating hardware_grub.nix...
[14:52:06] [INFO] Written: dist/hardware_grub.nix
[14:52:06] [DEBUG] Generating hardware_boot.nix...
[14:52:06] [INFO] Written: dist/hardware_boot.nix
[14:52:06] [INFO] Generated files in dist/ (NixOS flake symlinks here):
[2026-05-03 14:52:06] Completed with status: 0

[14:52:06] [INFO] Log file: /run/media/diego/pool/@home-diego/git/unix/aa_bootloader/logs/build-20260503.log
